src/agents/pi-embedded-subscribe.handlers.tools.test.ts(36,5): error TS2739: Type '{ toolMetaById: Map<string, ToolCallSummary>; toolMetas: never[]; toolSummaryById: Set<string>; pendingMessagingTargets: Map<string, MessagingToolSend>; ... 7 more ...; consecutiveToolErrors: number; }' is missing the following properties from type 'ToolHandlerState': iterationDepth, chaosScore
src/agents/sandbox/config.ts(188,33): error TS2339: Property 'freedom' does not exist on type 'AgentSandboxConfig'.
src/agents/sandbox/config.ts(188,51): error TS2339: Property 'freedom' does not exist on type 'AgentSandboxConfig'.
src/agents/subagent-spawn.ts(336,24): error TS2304: Cannot find name 'normalizeThinkLevel'.
src/agents/subagent-spawn.ts(339,20): error TS2304: Cannot find name 'formatThinkingLevels'.
src/agents/subagent-spawn.ts(455,31): error TS2339: Property 'workspace' does not exist on type 'OpenAEONConfig'.
src/agents/subagent-spawn.ts(487,5): error TS2353: Object literal may only specify known properties, and 'freedomMode' does not exist in type '{ requesterSessionKey?: string | undefined; requesterOrigin?: DeliveryContext | undefined; childSessionKey: string; label?: string | undefined; task?: string | undefined; acpEnabled?: boolean | undefined; childDepth?: number | undefined; maxSpawnDepth?: number | undefined; }'.
src/commands/onboard-config.ts(42,11): error TS2353: Object literal may only specify known properties, and 'freedom' does not exist in type 'AgentSandboxConfig'.
ui/src/ui/app.ts(672,14): error TS2339: Property 'currentView' does not exist on type 'OpenAEONApp'.
ui/src/ui/app.ts(673,18): error TS2339: Property 'loadSessions' does not exist on type 'OpenAEONApp'.
